[map=base]
[tiles]
ŽŽŽŽŽŽŽŽŽŽŽGŽŽŽŽŽŽŽŽŽŽŽŽŽŽŽPPPPPPPPPŽŽŽŽŽŽ
PŽŽŽŽŽPPŽŽMGŽPPŽŽŽŽMŽŽMMMŽŽMŽMŽPMŽŽŽŽŽŽMMŽ
PPPPŽŽŽŽŽŽŽGŽŽŽŽMMŽŽŽŽŽŽŽMŽŽŽŽŽPŽŽPŽPMŽŽMŽ
PŽŽPŽŽŽŽŽPPGMŽMŽŽMŽŽŽŽŽMŽŽŽPPPPPMŽPPPŽŽŽMŽ
ŽŽMPŽŽPPŽPPGPPPPŽŽŽŽGPŽŽŽŽŽMŽMŽŽŽŽŽŽŽŽMŽMŽ
ŽŽŽŽŽŽŽŽŽŽŽGŽŽŽŽŽMŽMGŽŽŽŽŽŽŽŽŽŽŽMŽŽMŽŽŽŽŽŽ
GGGGGGGGGGGGGGGGGGGGGGGGGGGGGGGGGGGGGGGGGG
ŽŽŽŽŽŽŽŽŽŽŽGŽŽŽŽŽŽŽŽŽŽŽŽŽŽŽŽŽŽŽŽŽŽŽŽŽŽŽŽMŽ
ŽŽŽŽŽŽPPPŽPGPPPPŽPŽŽPŽPŽŽŽŽŽPŽPMŽPMPŽPMGŽP
ŽPPPPŽŽŽŽŽŽGŽŽŽŽŽMŽMMŽPŽŽŽPŽMŽPŽŽPMŽŽŽMGMP
ŽŽŽMMŽŽŽŽŽŽGŽŽŽŽŽŽMŽŽŽPŽPŽPŽMŽPMŽPŽPŽPŽGŽŽ
ŽŽŽMŽŽŽPPPPGŽŽŽŽŽŽŽŽŽŽPŽPŽŽŽMŽPŽŽPŽŽŽŽMGMŽ
ŽŽŽŽŽŽŽŽŽŽŽGPPPPŽPPPPŽPŽŽŽŽŽŽŽŽŽMMMPŽPMGŽŽ
ŽPPPŽPPŽŽŽŽGŽŽŽŽŽŽŽŽŽŽŽŽŽPPPPŽŽŽŽŽŽMMMŽGPP
ŽŽŽŽŽŽMŽMŽŽGPMŽMŽMŽŽŽMŽŽŽŽMŽMŽPPPPŽŽŽŽŽGŽŽ
ŽŽMŽMŽŽŽŽMŽGŽMŽŽŽŽŽMŽŽŽMŽMŽŽŽŽMŽMŽŽPPPPGPŽ
ŽŽŽŽŽŽŽŽŽŽŽGŽŽŽŽŽŽŽŽŽŽMŽŽŽŽMŽŽŽŽMŽŽŽŽŽŽGŽŽ
GGGGGGGGGGGGGGGGGGGGGGGGGGGGGGGGGGGGGGGGGG
ŽŽMŽŽŽMŽŽŽŽMMŽŽŽŽMŽŽMŽŽŽMŽŽMŽMŽMŽŽŽMŽŽMŽMŽ
ŽVVVVVVVVVVVVVVVVVVVVVVVVVVVVVVVVVVVVVVVVV
VVVVVVVVVVVVVVVVVVVVVVVVVVVVVVVVVVVVVVVVVV
[points]
transfer:
x=2
y=2
map=mokykla
living:
x=30
y=11
map=
owner=
price=0
maintenance=0
living:
x=33
y=11
map=
owner=
price=0
maintenance=0
living:
x=30
y=8
map=
owner=
price=0
maintenance=0
living:
x=30
y=9
map=
owner=
price=0
maintenance=0
living:
x=30
y=10
map=
owner=
price=0
maintenance=0
living:
x=33
y=8
map=
owner=
price=0
maintenance=0
living:
x=33
y=9
map=
owner=
price=0
maintenance=0
living:
x=33
y=10
map=
owner=
price=0
maintenance=0
living:
x=22
y=8
map=
owner=
price=0
maintenance=0
living:
x=22
y=9
map=
owner=
price=0
maintenance=0
living:
x=22
y=10
map=
owner=
price=0
maintenance=0
living:
x=22
y=11
map=
owner=
price=0
maintenance=0
living:
x=22
y=12
map=
owner=
price=0
maintenance=0
living:
x=12
y=12
map=
owner=
price=0
maintenance=0
living:
x=13
y=12
map=
owner=
price=0
maintenance=0
living:
x=14
y=12
map=
owner=
price=0
maintenance=0
living:
x=15
y=12
map=
owner=
price=0
maintenance=0
living:
x=17
y=12
map=
owner=
price=0
maintenance=0
living:
x=18
y=12
map=
owner=
price=0
maintenance=0
living:
x=19
y=12
map=
owner=
price=0
maintenance=0
living:
x=20
y=12
map=
owner=
price=0
maintenance=0
living:
x=7
y=11
map=
owner=
price=0
maintenance=0
living:
x=8
y=11
map=
owner=
price=0
maintenance=0
living:
x=9
y=11
map=
owner=
price=0
maintenance=0
living:
x=10
y=11
map=
owner=
price=0
maintenance=0
[map=butas_mazas]
[tiles]
MŽŽM
ŽŽŽŽ
ŽŽŽŽ
MŽŽM
[points]
[map=mokykla]
[tiles]
MMMMMMMMMM
ŽŽŽŽŽŽŽŽŽM
ŽŽŽŽŽŽŽŽŽM
ŽŽŽŽŽŽŽŽŽM
ŽŽŽŽŽŽŽŽŽM
VVVVŽŽŽŽŽM
VVVVŽŽŽŽŽM
VVVVŽŽŽŽŽM
VVVVŽŽŽŽŽM
VVVVŽŽŽŽŽM
[points]
transfer:
x=0
y=2
map=base
