[map=base]
type=public
[tiles]
MŽŽŽŽŽŽŽŽŽMŽŽMŽŽŽŽŽŽŽŽŽMŽŽŽŽŽŽŽŽŽŽŽŽŽMŽŽŽŽŽŽŽŽŽŽGŽ
ŽŽŽPŽŽŽŽŽŽŽŽŽŽŽŽMŽPŽŽPŽŽŽMŽŽŽMŽPPPPPŽŽŽŽMŽŽŽŽŽMŽGŽ
ŽŽPPŽŽŽŽŽPPPŽMŽŽŽŽŽŽŽPŽŽŽŽMŽŽŽŽŽŽŽŽPŽŽMŽŽŽŽMMŽŽŽGŽ
MŽŽŽŽŽŽŽŽPŽŽŽŽŽGŽMPŽMPŽŽMŽŽŽMŽŽMMŽMPMŽPŽPMŽMŽŽMŽGŽ
ŽŽPPPŽŽŽŽPŽŽMŽŽGŽŽŽŽŽPŽŽŽŽŽŽŽŽŽPPPPPPPPPPŽŽŽŽŽŽŽGŽ
ŽŽPŽPŽŽŽŽPPPŽŽMGŽPPŽŽŽŽMŽŽMMMŽŽMŽMŽPMŽŽŽŽŽŽMMŽŽŽGŽ
ŽŽPŽPPPPŽŽŽŽŽŽŽGŽŽŽŽMMŽŽŽŽŽŽŽMŽŽŽŽŽPŽŽPŽPMŽŽMŽMŽGŽ
MŽŽŽPŽŽPŽŽŽŽŽPPGMŽMŽŽMŽŽŽŽŽMŽŽŽPPPPPMŽPPPŽŽŽMŽŽŽGŽ
ŽŽŽŽŽŽMPŽŽPPŽPPGPPPPŽŽŽŽGPŽŽŽŽŽMŽMŽŽŽŽŽŽŽŽMŽMŽMŽGŽ
ŽŽŽŽŽŽŽŽŽŽŽŽŽŽŽGŽŽŽŽŽMŽMGŽŽŽŽŽŽŽŽŽŽŽMŽŽMŽŽŽŽŽŽŽŽGŽ
GGGGGGGGGGGGGGGGGGGGGGGGGGGGGGGGGGGGGGGGGGGGGGGGGG
ŽŽŽŽŽŽŽŽŽŽŽŽŽŽŽGŽŽŽŽŽŽŽŽŽŽŽŽŽŽŽŽŽŽŽŽŽŽŽŽŽŽŽŽMŽŽŽŽŽ
PPPPŽŽŽŽŽŽPPPŽPGPPPPŽPŽŽPŽPŽŽŽŽŽPŽPMŽPMPŽPMGŽPMPMŽ
ŽŽŽŽŽPPPPŽŽMŽŽMGŽŽŽŽŽMŽMMŽPŽŽŽPŽMŽPŽŽPMŽŽŽMGMPŽŽŽŽ
ŽŽŽMŽŽŽMMŽŽŽŽŽŽGŽŽŽMŽŽMŽŽŽPŽPŽPŽMŽPMŽPŽPŽPŽGŽŽŽPMŽ
ŽMŽŽŽŽŽMŽŽŽPPPPGŽŽŽŽŽŽŽŽŽŽPŽPŽŽŽMŽPŽŽPŽŽŽŽMGMŽŽPMŽ
MŽŽŽMŽŽŽŽŽŽŽŽŽŽGPPPPŽPPPPŽPŽŽŽŽŽŽŽŽŽMMMPŽPMGPPŽŽŽŽ
ŽŽPPPPPPŽPPŽŽŽŽGŽŽŽŽŽŽŽŽŽŽŽŽŽPPPPŽŽŽŽŽŽMMMŽGŽŽŽPŽŽ
ŽŽŽMŽŽŽŽŽŽMŽMŽŽGPMŽMŽMŽŽŽMŽŽŽŽMŽMŽPPPPŽŽŽŽŽGPŽŽPMŽ
MŽŽŽŽŽMŽMŽŽŽŽMŽGŽMŽŽŽŽŽMŽŽŽMŽMŽŽŽŽMŽMŽŽPPPPGPŽMPŽŽ
ŽŽMŽŽŽŽŽŽŽŽŽŽŽŽGŽŽŽŽŽŽŽŽŽŽMŽŽŽŽMŽŽŽŽMŽŽŽŽŽŽGŽŽŽŽŽŽ
GGGGGGGGGGGGGGGGGGGGGGGGGGGGGGGGGGGGGGGGGGGGGGGGGG
ŽŽŽŽMŽMŽŽŽMŽŽŽŽMMŽŽŽŽMŽŽMŽŽŽMŽŽMŽMŽMŽŽŽMŽŽMŽMŽŽŽŽŽ
VVVVVVVVVVVVVVVVVVVVVVVVVVVVVVVVVVVVVVVVVVVVVVVVVV
VVVVVVVVVVVVVVVVVVVVVVVVVVVVVVVVVVVVVVVVVVVVVVVVVV
VVVVVVVVVVVVVVVVVVVVVVVVVVVVVVVVVVVVVVVVVVVVVVVVVV
[points]
transfer:
x=6
y=6
map=mokykla
map_x=0
map_y=2
living:
x=34
y=15
map=
owner=
price=0
maintenance=0
living:
x=37
y=15
map=
owner=
price=0
maintenance=0
living:
x=34
y=12
map=
owner=
price=0
maintenance=0
living:
x=34
y=13
map=
owner=
price=0
maintenance=0
living:
x=34
y=14
map=
owner=
price=0
maintenance=0
living:
x=37
y=12
map=
owner=
price=0
maintenance=0
living:
x=37
y=13
map=
owner=
price=0
maintenance=0
living:
x=37
y=14
map=
owner=
price=0
maintenance=0
living:
x=26
y=12
map=
owner=
price=0
maintenance=0
living:
x=26
y=13
map=
owner=
price=0
maintenance=0
living:
x=26
y=14
map=
owner=
price=0
maintenance=0
living:
x=26
y=15
map=
owner=
price=0
maintenance=0
living:
x=26
y=16
map=
owner=
price=0
maintenance=0
living:
x=16
y=16
map=
owner=
price=0
maintenance=0
living:
x=17
y=16
map=
owner=
price=0
maintenance=0
living:
x=18
y=16
map=
owner=
price=0
maintenance=0
living:
x=19
y=16
map=
owner=
price=0
maintenance=0
living:
x=21
y=16
map=
owner=
price=0
maintenance=0
living:
x=22
y=16
map=
owner=
price=0
maintenance=0
living:
x=23
y=16
map=
owner=
price=0
maintenance=0
living:
x=24
y=16
map=
owner=
price=0
maintenance=0
living:
x=11
y=15
map=
owner=
price=0
maintenance=0
living:
x=12
y=15
map=
owner=
price=0
maintenance=0
living:
x=13
y=15
map=
owner=
price=0
maintenance=0
living:
x=14
y=15
map=
owner=
price=0
maintenance=0
[map=butas_mazas]
type=private
[tiles]
MŽŽM
ŽŽŽŽ
ŽŽŽŽ
MŽŽM
[points]
[map=mokykla]
type=public
[tiles]
MMMMMMMMMM
RRRRRRRRRM
RRRRRRKRRM
RRRRRRRRRM
RRRRRRRRRM
VVVVRRRRRM
VVVVKRRRRM
VVVVRRRRRM
VVVVKRRRRM
VVVVRRRRRM
[points]
transfer:
x=0
y=2
map=base
map_x=5
map_y=3
