[map=base]
type=public
[tiles]
ŽŽPŽŽŽŽŽŽŽŽŽŽŽŽMŽPŽŽPŽŽŽMŽŽŽMŽPPPPPŽŽŽŽMŽŽŽŽŽMŽG
ŽPPŽŽŽŽŽPPPŽMŽŽŽŽŽŽŽPŽŽŽŽMŽŽŽŽŽŽŽŽPŽŽMŽŽŽŽMMŽŽŽG
ŽŽŽŽŽŽŽŽPŽŽŽŽŽGŽMPŽMPŽŽMŽŽŽMŽŽMMŽMPMŽPŽPMŽMŽŽMŽG
ŽPPPŽŽŽŽPŽŽMŽŽGŽŽŽŽŽPŽŽŽŽŽŽŽŽŽPPPPPPPPPPŽŽŽŽŽŽŽG
ŽPŽPŽŽŽŽPPPŽŽMGŽPPŽŽŽŽMŽŽMMMŽŽMŽMŽPMŽŽŽŽŽŽMMŽŽŽG
ŽPŽPPPPŽŽŽŽŽŽŽGŽŽŽŽMMŽŽŽŽŽŽŽMŽŽŽŽŽPŽŽPŽPMŽŽMŽMŽG
ŽŽŽPŽŽPŽŽŽŽŽPPGMŽMŽŽMŽŽŽŽŽMŽŽŽPPPPPMŽPPPŽŽŽMŽŽŽG
ŽŽŽŽŽMPŽŽPPŽPPGPPPPŽŽŽŽGPŽŽŽŽŽMŽMŽŽŽŽŽŽŽŽMŽMŽMŽG
ŽŽŽŽŽŽŽŽŽŽŽŽŽŽGŽŽŽŽŽMŽMGŽŽŽŽŽŽŽŽŽŽŽMŽŽMŽŽŽŽŽŽŽŽG
GGGGGGGGGGGGGGGGGGGGGGGGGGGGGGGGGGGGGGGGGGGGGGGG
ŽŽŽŽŽŽŽŽŽŽŽŽŽŽGŽŽŽŽŽŽŽŽŽŽŽŽŽŽŽŽŽŽŽŽŽŽŽŽŽŽŽŽMŽŽŽŽ
PPPŽŽŽŽŽŽPPPŽPGPPPPŽPŽŽPŽPŽŽŽŽŽPŽPMŽPMPŽPMGŽPMPM
ŽŽŽŽPPPPŽŽMŽŽMGŽŽŽŽŽMŽMMŽPŽŽŽPŽMŽPŽŽPMŽŽŽMGMPŽŽŽ
ŽŽMŽŽŽMMŽŽŽŽŽŽGŽŽŽMŽŽMŽŽŽPŽPŽPŽMŽPMŽPŽPŽPŽGŽŽŽPM
MŽŽŽŽŽMŽŽŽPPPPGŽŽŽŽŽŽŽŽŽŽPŽPŽŽŽMŽPŽŽPŽŽŽŽMGMŽŽPM
ŽŽŽMŽŽŽŽŽŽŽŽŽŽGPPPPŽPPPPŽPŽŽŽŽŽŽŽŽŽMMMPŽPMGPPŽŽŽ
ŽPPPPPPŽPPŽŽŽŽGŽŽŽŽŽŽŽŽŽŽŽŽŽPPPPŽŽŽŽŽŽMMMŽGŽŽŽPŽ
ŽŽMŽŽŽŽŽŽMŽMŽŽGPMŽMŽMŽŽŽMŽŽŽŽMŽMŽPPPPŽŽŽŽŽGPŽŽPM
ŽŽŽŽŽMŽMŽŽŽŽMŽGŽMŽŽŽŽŽMŽŽŽMŽMŽŽŽŽMŽMŽŽPPPPGPŽMPŽ
ŽMŽŽŽŽŽŽŽŽŽŽŽŽGŽŽŽŽŽŽŽŽŽŽMŽŽŽŽMŽŽŽŽMŽŽŽŽŽŽGŽŽŽŽŽ
GGGGGGGGGGGGGGGGGGGGGGGGGGGGGGGGGGGGGGGGGGGGGGGG
ŽŽŽMŽMŽŽŽMŽŽŽŽMMŽŽŽŽMŽŽMŽŽŽMŽŽMŽMŽMŽŽŽMŽŽMŽMŽŽŽŽ
VVVVVVVVVVVVVVVVVVVVVVVVVVVVVVVVVVVVVVVVVVVVVVVV
VVVVVVVVVVVVVVVVVVVVVVVVVVVVVVVVVVVVVVVVVVVVVVVV
VVVVVVVVVVVVVVVVVVVVVVVVVVVVVVVVVVVVVVVVVVVVVVVV
[points]
transfer:
x=5
y=5
map=mokykla
map_x=0
map_y=2
living:
x=33
y=14
map=
owner=
price=0
maintenance=0
living:
x=36
y=14
map=
owner=
price=0
maintenance=0
living:
x=33
y=11
map=
owner=
price=0
maintenance=0
living:
x=33
y=12
map=
owner=
price=0
maintenance=0
living:
x=33
y=13
map=
owner=
price=0
maintenance=0
living:
x=36
y=11
map=
owner=
price=0
maintenance=0
living:
x=36
y=12
map=
owner=
price=0
maintenance=0
living:
x=36
y=13
map=
owner=
price=0
maintenance=0
living:
x=25
y=11
map=
owner=
price=0
maintenance=0
living:
x=25
y=12
map=
owner=
price=0
maintenance=0
living:
x=25
y=13
map=
owner=
price=0
maintenance=0
living:
x=25
y=14
map=
owner=
price=0
maintenance=0
living:
x=25
y=15
map=
owner=
price=0
maintenance=0
living:
x=15
y=15
map=
owner=
price=0
maintenance=0
living:
x=16
y=15
map=
owner=
price=0
maintenance=0
living:
x=17
y=15
map=
owner=
price=0
maintenance=0
living:
x=18
y=15
map=
owner=
price=0
maintenance=0
living:
x=20
y=15
map=
owner=
price=0
maintenance=0
living:
x=21
y=15
map=
owner=
price=0
maintenance=0
living:
x=22
y=15
map=
owner=
price=0
maintenance=0
living:
x=23
y=15
map=
owner=
price=0
maintenance=0
living:
x=10
y=14
map=
owner=
price=0
maintenance=0
living:
x=11
y=14
map=
owner=
price=0
maintenance=0
living:
x=12
y=14
map=
owner=
price=0
maintenance=0
living:
x=13
y=14
map=
owner=
price=0
maintenance=0
[map=butas_mazas]
type=private
[tiles]
MŽŽM
ŽŽŽŽ
ŽŽŽŽ
MŽŽM
[points]
[map=mokykla]
type=public
[tiles]
MMMMMMMMMM
ŽŽŽŽŽŽŽŽŽM
ŽŽŽŽŽŽŽŽŽM
ŽŽŽŽŽŽŽŽŽM
ŽŽŽŽŽŽŽŽŽM
VVVVŽŽŽŽŽM
VVVVŽŽŽŽŽM
VVVVŽŽŽŽŽM
VVVVŽŽŽŽŽM
VVVVŽŽŽŽŽM
[points]
transfer:
x=0
y=2
map=base
map_x=5
map_y=3
